[backblue.gif]
[fade.gif]
[index.html]
[ferret.pmel.noaa.gov/Ferret/documentation/ferret-documentation.html]
[ferret.pmel.noaa.gov/Ferret/documentation/version-763-release-notes.html]
[ferret.pmel.noaa.gov/Ferret/documentation/users-guide.html]
[ferret.pmel.noaa.gov/Ferret/documentation/users-guide/full-index/index.html]
[ferret.pmel.noaa.gov/Ferret/documentation/users-guide/commands-reference/chapter-commnad-references.html]
[ferret.pmel.noaa.gov/Ferret/documentation/users-guide/commands-reference/ALIAS.html]
[ferret.pmel.noaa.gov/Ferret/documentation/users-guide/commands-reference/CANCEL.html]
[ferret.pmel.noaa.gov/Ferret/documentation/users-guide/commands-reference/CONTOUR.html]
[ferret.pmel.noaa.gov/Ferret/documentation/users-guide/commands-reference/DEFINE.html]
[ferret.pmel.noaa.gov/Ferret/documentation/users-guide/commands-reference/ELIF.html]
[ferret.pmel.noaa.gov/Ferret/documentation/users-guide/commands-reference/ELSE.html]
[ferret.pmel.noaa.gov/Ferret/documentation/users-guide/commands-reference/ENDIF.html]
[ferret.pmel.noaa.gov/Ferret/documentation/users-guide/commands-reference/EXIT.html]
[ferret.pmel.noaa.gov/Ferret/documentation/users-guide/commands-reference/FILE.html]
[ferret.pmel.noaa.gov/Ferret/documentation/users-guide/commands-reference/FILL.html]
[ferret.pmel.noaa.gov/Ferret/documentation/users-guide/commands-reference/FRAME.html]
[ferret.pmel.noaa.gov/Ferret/documentation/users-guide/commands-reference/GO.html]
[ferret.pmel.noaa.gov/Ferret/documentation/users-guide/commands-reference/HELP.html]
[ferret.pmel.noaa.gov/Ferret/documentation/users-guide/commands-reference/IF.html]
[ferret.pmel.noaa.gov/Ferret/documentation/users-guide/commands-reference/LABEL.html]
[ferret.pmel.noaa.gov/Ferret/documentation/users-guide/commands-reference/LET.html]
[ferret.pmel.noaa.gov/Ferret/documentation/users-guide/commands-reference/LIST.html]
[ferret.pmel.noaa.gov/Ferret/documentation/users-guide/commands-reference/LOAD.html]
[ferret.pmel.noaa.gov/Ferret/documentation/users-guide/commands-reference/MESSAGE.html]
[ferret.pmel.noaa.gov/Ferret/documentation/users-guide/commands-reference/PALETTE.html]
[ferret.pmel.noaa.gov/Ferret/documentation/users-guide/commands-reference/PATTERN.html]
[ferret.pmel.noaa.gov/Ferret/documentation/users-guide/commands-reference/PAUSE.html]
[ferret.pmel.noaa.gov/Ferret/documentation/users-guide/commands-reference/PLOT.html]
[ferret.pmel.noaa.gov/Ferret/documentation/users-guide/commands-reference/POLYGON.html]
[ferret.pmel.noaa.gov/Ferret/documentation/users-guide/commands-reference/PPLUS.html]
[ferret.pmel.noaa.gov/Ferret/documentation/users-guide/commands-reference/QUERY.html]
[ferret.pmel.noaa.gov/Ferret/documentation/users-guide/commands-reference/QUIT.html]
[ferret.pmel.noaa.gov/Ferret/documentation/users-guide/commands-reference/REPEAT.html]
[ferret.pmel.noaa.gov/Ferret/documentation/users-guide/commands-reference/SAVE.html]
[ferret.pmel.noaa.gov/Ferret/documentation/users-guide/commands-reference/SAY.html]
[ferret.pmel.noaa.gov/Ferret/documentation/users-guide/commands-reference/SET.html]
[ferret.pmel.noaa.gov/Ferret/documentation/users-guide/commands-reference/SHADE.html]
[ferret.pmel.noaa.gov/Ferret/documentation/users-guide/commands-reference/SHOW.html]
[ferret.pmel.noaa.gov/Ferret/documentation/users-guide/commands-reference/SPAWN.html]
[ferret.pmel.noaa.gov/Ferret/documentation/users-guide/commands-reference/STATISTICS.html]
[ferret.pmel.noaa.gov/Ferret/documentation/users-guide/commands-reference/UNALIAS.html]
[ferret.pmel.noaa.gov/Ferret/documentation/users-guide/commands-reference/VECTOR.html]
[ferret.pmel.noaa.gov/Ferret/documentation/users-guide/commands-reference/USE.html]
[ferret.pmel.noaa.gov/Ferret/documentation/users-guide/commands-reference/USER.html]
[ferret.pmel.noaa.gov/Ferret/documentation/users-guide/commands-reference/WI.html]
[ferret.pmel.noaa.gov/Ferret/documentation/users-guide/commands-reference/WHERE.html]
[ferret.pmel.noaa.gov/Ferret/documentation/users-guide/introduction.html]
[ferret.pmel.noaa.gov/Ferret/documentation/users-guide/introduction/OVERVIEW.html]
[ferret.pmel.noaa.gov/Ferret/documentation/users-guide/introduction/GETTING-STARTED.html]
[ferret.pmel.noaa.gov/Ferret/documentation/users-guide/introduction/COMMON-COMMANDS.html]
[ferret.pmel.noaa.gov/Ferret/documentation/users-guide/introduction/COMMAND-SYNTAX.html]
[ferret.pmel.noaa.gov/Ferret/documentation/users-guide/introduction/GO-FILES.html]
[ferret.pmel.noaa.gov/Ferret/documentation/users-guide/introduction/SAMPLE-DATA-SETS.html]
[ferret.pmel.noaa.gov/Ferret/documentation/users-guide/introduction/UNIX-TOOLS.html]
[ferret.pmel.noaa.gov/Ferret/documentation/users-guide/introduction/HELP.html]
[ferret.pmel.noaa.gov/Ferret/documentation/users-guide/data-set-basics.html]
[ferret.pmel.noaa.gov/Ferret/documentation/users-guide/data-set-basics/OVERVIEW.html]
[ferret.pmel.noaa.gov/Ferret/documentation/users-guide/data-set-basics/NETCDF-DATA.html]
[ferret.pmel.noaa.gov/Ferret/documentation/udunits.html]
[ferret.pmel.noaa.gov/Ferret/documentation/users-guide/data-set-basics/TMAP-FORMATTED-DATA.html]
[ferret.pmel.noaa.gov/Ferret/documentation/users-guide/data-set-basics/BINARY-DATA.html]
[ferret.pmel.noaa.gov/Ferret/documentation/users-guide/data-set-basics/ASCII-DATA.html]
[ferret.pmel.noaa.gov/Ferret/documentation/users-guide/data-set-basics/TRICKS-TO-READING-BINARY-AND-ASCII-FILES.html]
[ferret.pmel.noaa.gov/Ferret/documentation/users-guide/data-set-basics/ACCESS-TO-REMOTE-DATA-SETS-WITH-DODS.html]
[ferret.pmel.noaa.gov/Ferret/documentation/users-guide/variables-xpressions.html]
[ferret.pmel.noaa.gov/Ferret/documentation/users-guide/variables-xpressions/VARIABLES.html]
[ferret.pmel.noaa.gov/Ferret/documentation/users-guide/variables-xpressions/XPRESSIONS.html]
[ferret.pmel.noaa.gov/Ferret/documentation/users-guide/variables-xpressions/EMBEDDED-XPRESSIONS.html]
[ferret.pmel.noaa.gov/Ferret/documentation/users-guide/variables-xpressions/DEFINING-NEW-VARIABLES.html]
[ferret.pmel.noaa.gov/Ferret/documentation/users-guide/variables-xpressions/DEBUGGING-COMPLEX-HIERARCHIES-OF-XPRESSIONS.html]
[ferret.pmel.noaa.gov/Ferret/documentation/users-guide/Grids-Regions.html]
[ferret.pmel.noaa.gov/Ferret/documentation/users-guide/Grids-Regions/OVERVIEW.html]
[ferret.pmel.noaa.gov/Ferret/documentation/users-guide/Grids-Regions/GRIDS.html]
[ferret.pmel.noaa.gov/Ferret/documentation/users-guide/Grids-Regions/REGIONS.html]
[ferret.pmel.noaa.gov/Ferret/documentation/users-guide/Grids-Regions/FERRET-PROGRAM-LIMITS.html]
[ferret.pmel.noaa.gov/Ferret/documentation/users-guide/animations-gif-images.html]
[ferret.pmel.noaa.gov/Ferret/documentation/users-guide/animations-gif-images/OVERVIEW.html]
[ferret.pmel.noaa.gov/Ferret/documentation/users-guide/animations-gif-images/CREATING-AN-HDF-MOVIE.html]
[ferret.pmel.noaa.gov/Ferret/documentation/users-guide/animations-gif-images/DISPLAYING-AN-HDF-MOVIE.html]
[ferret.pmel.noaa.gov/Ferret/documentation/users-guide/animations-gif-images/ADVANCED-MOVIE-MAKING.html]
[ferret.pmel.noaa.gov/Ferret/documentation/users-guide/animations-gif-images/CREATING-GIF-IMAGES.html]
[ferret.pmel.noaa.gov/Ferret/documentation/users-guide/customizing-plots.html]
[ferret.pmel.noaa.gov/Ferret/documentation/users-guide/customizing-plots/OVERVIEW.html]
[ferret.pmel.noaa.gov/Ferret/documentation/users-guide/customizing-plots/GRAPHICAL-OUTPUT.html]
[ferret.pmel.noaa.gov/Ferret/documentation/users-guide/customizing-plots/AXES.html]
[ferret.pmel.noaa.gov/Ferret/documentation/users-guide/customizing-plots/LABELS.html]
[ferret.pmel.noaa.gov/Ferret/documentation/users-guide/customizing-plots/COLOR.html]
[ferret.pmel.noaa.gov/Ferret/documentation/users-guide/customizing-plots/FONTS.html]
[ferret.pmel.noaa.gov/Ferret/documentation/users-guide/customizing-plots/PLOT-LAYOUT.html]
[ferret.pmel.noaa.gov/Ferret/documentation/users-guide/customizing-plots/CONTOURING.html]
[ferret.pmel.noaa.gov/Ferret/documentation/users-guide/customizing-plots/SPECIAL-SYMBOLS.html]
[ferret.pmel.noaa.gov/Ferret/documentation/users-guide/customizing-plots/MAP-PROJECTIONS-AND-CURVILINEAR-COORDINATES.html]
[ferret.pmel.noaa.gov/Ferret/documentation/users-guide/customizing-plots/linecolors.gif/view.html]
[ferret.pmel.noaa.gov/Ferret/documentation/users-guide/customizing-plots/Chapter6_plotuv.png/view.html]
[ferret.pmel.noaa.gov/Ferret/documentation/users-guide/handing-string-data-symbols.html]
[ferret.pmel.noaa.gov/Ferret/documentation/users-guide/handing-string-data-symbols/STRING-VARIABLES.html]
[ferret.pmel.noaa.gov/Ferret/documentation/users-guide/handing-string-data-symbols/STRING-FUNCTIONS.html]
[ferret.pmel.noaa.gov/Ferret/documentation/users-guide/handing-string-data-symbols/SYMBOL-COMMANDS.html]
[ferret.pmel.noaa.gov/Ferret/documentation/users-guide/handing-string-data-symbols/AUTOMATICALLY-GENERATED-SYMBOLS.html]
[ferret.pmel.noaa.gov/Ferret/documentation/users-guide/handing-string-data-symbols/USE-WITH-EMBEDDED-EXPRESSIONS.html]
[ferret.pmel.noaa.gov/Ferret/documentation/users-guide/handing-string-data-symbols/ORDER-OF-STRING-SUBSTITUTIONS.html]
[ferret.pmel.noaa.gov/Ferret/documentation/users-guide/handing-string-data-symbols/CUSTOMIZING-THE-POSITION-AND-STYLE OF PLOT LABELS.html]
[ferret.pmel.noaa.gov/Ferret/documentation/users-guide/handing-string-data-symbols/USING-SYMBOLS-IN-COMMAND-FILES.html]
[ferret.pmel.noaa.gov/Ferret/documentation/users-guide/handing-string-data-symbols/PLOT-STRING-EDITING-TOOLS.html]
[ferret.pmel.noaa.gov/Ferret/documentation/users-guide/handing-string-data-symbols/SYMBOL-EDITING.html]
[ferret.pmel.noaa.gov/Ferret/documentation/users-guide/handing-string-data-symbols/SPECIAL-SYMBOLS.html]
[ferret.pmel.noaa.gov/Ferret/documentation/users-guide/working-with-special-data-sets.html]
[ferret.pmel.noaa.gov/Ferret/documentation/users-guide/working-with-special-data-sets/WHAT-IS-NON-GRIDDED-DATA.html]
[ferret.pmel.noaa.gov/Ferret/documentation/users-guide/working-with-special-data-sets/POINT-DATA.html]
[ferret.pmel.noaa.gov/Ferret/documentation/users-guide/working-with-special-data-sets/VERTICAL-PROFILES.html]
[ferret.pmel.noaa.gov/Ferret/documentation/users-guide/working-with-special-data-sets/COLLECTIONS-OF-TIME-SERIES.html]
[ferret.pmel.noaa.gov/Ferret/documentation/users-guide/working-with-special-data-sets/COLLECTIONS-OF-2-DIMENSIONAL-GRIDS.html]
[ferret.pmel.noaa.gov/Ferret/documentation/users-guide/working-with-special-data-sets/LAGRANGIAN-DATA.html]
[ferret.pmel.noaa.gov/Ferret/documentation/users-guide/working-with-special-data-sets/SIGMA-COORDINATE-DATA.html]
[ferret.pmel.noaa.gov/Ferret/documentation/users-guide/working-with-special-data-sets/CURVILINEAR-COORDINATE-DATA.html]
[ferret.pmel.noaa.gov/Ferret/documentation/users-guide/working-with-special-data-sets/POLYGONAL-DATA.html]
[ferret.pmel.noaa.gov/Ferret/documentation/users-guide/working-with-special-data-sets/DSG_datasets.html]
[ferret.pmel.noaa.gov/Ferret/documentation/users-guide/computing-environment.html]
[ferret.pmel.noaa.gov/Ferret/documentation/users-guide/computing-environment/SETTING-UP-TO-RUN-FERRET.html]
[ferret.pmel.noaa.gov/Ferret/documentation/users-guide/computing-environment/FILES-AND-ENVIRONMENT-VARIABLES-USED-BY-FERRET.html]
[ferret.pmel.noaa.gov/Ferret/documentation/users-guide/computing-environment/MEMORY-USE.html]
[ferret.pmel.noaa.gov/Ferret/documentation/users-guide/computing-environment/HARD-COPY-AND-METAFILE-TRANSLATION.html]
[ferret.pmel.noaa.gov/Ferret/documentation/users-guide/computing-environment/OUTPUT-FILE-NAMING.html]
[ferret.pmel.noaa.gov/Ferret/documentation/users-guide/computing-environment/INPUT-FILE-NAMING.html]
[ferret.pmel.noaa.gov/Ferret/documentation/users-guide/computing-environment/my_ferret_paths_template.html]
[ferret.pmel.noaa.gov/Ferret/documentation/users-guide/converting-to-netcdf.html]
[ferret.pmel.noaa.gov/Ferret/documentation/users-guide/converting-to-netcdf/OVERVIEW.html]
[ferret.pmel.noaa.gov/Ferret/documentation/users-guide/converting-to-netcdf/SIMPLE-CONVERSIONS-USING-FERRET.html]
[ferret.pmel.noaa.gov/Ferret/documentation/users-guide/converting-to-netcdf/WRITING-A-CONVERSION-PROGRAM.html]
[ferret.pmel.noaa.gov/Ferret/documentation/users-guide/converting-to-netcdf/CREATING-A-MULTI-FILE-NETCDF-DATA-SET.html]
[ferret.pmel.noaa.gov/Ferret/documentation/users-guide/writing-external-functions.html]
[ferret.pmel.noaa.gov/Ferret/documentation/users-guide/writing-external-functions/OVERVIEW.html]
[ferret.pmel.noaa.gov/Ferret/documentation/users-guide/writing-external-functions/GETTING-STARTED.html]
[ferret.pmel.noaa.gov/Ferret/documentation/users-guide/writing-external-functions/QUICK-START-EXAMPLE.html]
[ferret.pmel.noaa.gov/Ferret/documentation/users-guide/writing-external-functions/ANATOMY-OF-AN-EXTERNAL-FUNCTION.html]
[ferret.pmel.noaa.gov/Ferret/documentation/users-guide/writing-external-functions/NOTES-AND-SUGGESTIONS.html]
[ferret.pmel.noaa.gov/Ferret/documentation/users-guide/writing-external-functions/UTILITY-FUNCTIONS.html]
[ferret.pmel.noaa.gov/Ferret/documentation/users-guide/glossary/glossary.html]
[ferret.pmel.noaa.gov/Ferret/documentation/users-guide/appendix-a-external-functions/appendix-a.html]
[ferret.pmel.noaa.gov/Ferret/documentation/users-guide/appendix-a-external-functions/BIN_INDEX_WT.html]
[ferret.pmel.noaa.gov/Ferret/documentation/users-guide/appendix-a-external-functions/COMPRESSI.html]
[ferret.pmel.noaa.gov/Ferret/documentation/users-guide/appendix-a-external-functions/COMPRESSI-BY.html]
[ferret.pmel.noaa.gov/Ferret/documentation/users-guide/appendix-a-external-functions/CONVOLVEI.html]
[ferret.pmel.noaa.gov/Ferret/documentation/users-guide/appendix-a-external-functions/CURV-TO-RECT.html]
[ferret.pmel.noaa.gov/Ferret/documentation/users-guide/appendix-a-external-functions/CURV-TO-RECT-MAP.html]
[ferret.pmel.noaa.gov/Ferret/documentation/users-guide/appendix-a-external-functions/DATE1900.html]
[ferret.pmel.noaa.gov/Ferret/documentation/users-guide/appendix-a-external-functions/DAYS1900TOYMDHMS.html]
[ferret.pmel.noaa.gov/Ferret/documentation/users-guide/appendix-a-external-functions/DOT.html]
[ferret.pmel.noaa.gov/Ferret/documentation/users-guide/appendix-a-external-functions/ecat.html]
[ferret.pmel.noaa.gov/Ferret/documentation/users-guide/appendix-a-external-functions/ELEMENT-INDEX.html]
[ferret.pmel.noaa.gov/Ferret/documentation/users-guide/appendix-a-external-functions/ELEMENT-INDEX-STRING.html]
[ferret.pmel.noaa.gov/Ferret/documentation/users-guide/appendix-a-external-functions/EOF-SPACE.html]
[ferret.pmel.noaa.gov/Ferret/documentation/users-guide/appendix-a-external-functions/EOF-STAT.html]
[ferret.pmel.noaa.gov/Ferret/documentation/users-guide/appendix-a-external-functions/EOF-TFUNC.html]
[ferret.pmel.noaa.gov/Ferret/documentation/users-guide/appendix-a-external-functions/expnd_by_len.html]
[ferret.pmel.noaa.gov/Ferret/documentation/users-guide/appendix-a-external-functions/expndi_by.html]
[ferret.pmel.noaa.gov/Ferret/documentation/users-guide/appendix-a-external-functions/expndi_by_m_counts.html]
[ferret.pmel.noaa.gov/Ferret/documentation/users-guide/appendix-a-external-functions/expndi_by_t.html]
[ferret.pmel.noaa.gov/Ferret/documentation/users-guide/appendix-a-external-functions/expndi_by_z.html]
[ferret.pmel.noaa.gov/Ferret/documentation/users-guide/appendix-a-external-functions/expndi_by_z_counts-and-expndi_id_by_z_counts.html]
[ferret.pmel.noaa.gov/Ferret/documentation/users-guide/appendix-a-external-functions/expndi_id_by_z_counts.html]
[ferret.pmel.noaa.gov/Ferret/documentation/users-guide/appendix-a-external-functions/fcat.html]
[ferret.pmel.noaa.gov/Ferret/documentation/users-guide/appendix-a-external-functions/fc_isubset.html]
[ferret.pmel.noaa.gov/Ferret/documentation/users-guide/appendix-a-external-functions/FFT-IM.html]
[ferret.pmel.noaa.gov/Ferret/documentation/users-guide/appendix-a-external-functions/FFT-INVERSE.html]
[ferret.pmel.noaa.gov/Ferret/documentation/users-guide/appendix-a-external-functions/FFT-RE.html]
[ferret.pmel.noaa.gov/Ferret/documentation/users-guide/appendix-a-external-functions/fill_xy.html]
[ferret.pmel.noaa.gov/Ferret/documentation/users-guide/appendix-a-external-functions/FINDHI.html]
[ferret.pmel.noaa.gov/Ferret/documentation/users-guide/appendix-a-external-functions/FINDLO.html]
[ferret.pmel.noaa.gov/Ferret/documentation/users-guide/appendix-a-external-functions/IS-ELEMENT-OF.html]
[ferret.pmel.noaa.gov/Ferret/documentation/users-guide/appendix-a-external-functions/LANCZOS.html]
[ferret.pmel.noaa.gov/Ferret/documentation/users-guide/appendix-a-external-functions/lon_lat_time_string.html]
[ferret.pmel.noaa.gov/Ferret/documentation/users-guide/appendix-a-external-functions/LSL-LOWPASS.html]
[ferret.pmel.noaa.gov/Ferret/documentation/users-guide/appendix-a-external-functions/MINUTES24.html]
[ferret.pmel.noaa.gov/Ferret/documentation/users-guide/appendix-a-external-functions/NCO.html]
[ferret.pmel.noaa.gov/Ferret/documentation/users-guide/appendix-a-external-functions/NCO_ATTR.html]
[ferret.pmel.noaa.gov/Ferret/documentation/users-guide/appendix-a-external-functions/pt_in_poly.html]
[ferret.pmel.noaa.gov/Ferret/documentation/users-guide/appendix-a-external-functions/RECT-TO-CURV.html]
[ferret.pmel.noaa.gov/Ferret/documentation/users-guide/appendix-a-external-functions/samplexy_curv_avg.html]
[ferret.pmel.noaa.gov/Ferret/documentation/users-guide/appendix-a-external-functions/samplexy_curv_nrst.html]
[ferret.pmel.noaa.gov/Ferret/documentation/users-guide/appendix-a-external-functions/samplexyt.html]
[ferret.pmel.noaa.gov/Ferret/documentation/users-guide/appendix-a-external-functions/samplexz.html]
[ferret.pmel.noaa.gov/Ferret/documentation/users-guide/appendix-a-external-functions/sampleyz.html]
[ferret.pmel.noaa.gov/Ferret/documentation/users-guide/appendix-a-external-functions/scat2grid_bin_xy.html]
[ferret.pmel.noaa.gov/Ferret/documentation/users-guide/appendix-a-external-functions/scatgrid_nbin_xyt.html]
[ferret.pmel.noaa.gov/Ferret/documentation/users-guide/appendix-a-external-functions/scat2grid_nobs_xy.html]
[ferret.pmel.noaa.gov/Ferret/documentation/users-guide/appendix-a-external-functions/separate.html]
[ferret.pmel.noaa.gov/Ferret/documentation/users-guide/appendix-a-external-functions/tax_datestring.html]
[ferret.pmel.noaa.gov/Ferret/documentation/users-guide/appendix-a-external-functions/TCAT.html]
[ferret.pmel.noaa.gov/Ferret/documentation/users-guide/appendix-a-external-functions/test_opendap.html]
[ferret.pmel.noaa.gov/Ferret/documentation/users-guide/appendix-a-external-functions/TRANSPOSE.html]
[ferret.pmel.noaa.gov/Ferret/documentation/users-guide/appendix-a-external-functions/WRITEV5D.html]
[ferret.pmel.noaa.gov/Ferret/documentation/users-guide/appendix-a-external-functions/XCAT.html]
[ferret.pmel.noaa.gov/Ferret/documentation/users-guide/appendix-a-external-functions/YCAT.html]
[ferret.pmel.noaa.gov/Ferret/documentation/users-guide/appendix-a-external-functions/ZAXREPLACE-AVG.html]
[ferret.pmel.noaa.gov/Ferret/documentation/users-guide/appendix-a-external-functions/ZAXREPLACE-BIN.html]
[ferret.pmel.noaa.gov/Ferret/documentation/users-guide/appendix-a-external-functions/ZCAT.html]
[ferret.pmel.noaa.gov/Ferret/documentation/users-guide/appendix-b-pplus-guide/appendix-b-pplus-guide.html]
[ferret.pmel.noaa.gov/Ferret/documentation/users-guide/appendix-b-pplus-guide/INTRODUCTION.html]
[ferret.pmel.noaa.gov/Ferret/documentation/users-guide/appendix-b-pplus-guide/GETTING-STARTED.html]
[ferret.pmel.noaa.gov/Ferret/documentation/users-guide/appendix-b-pplus-guide/COMMAND-FORMAT.html]
[ferret.pmel.noaa.gov/Ferret/documentation/users-guide/appendix-b-pplus-guide/COMMAND-SYNOPSIS.html]
[ferret.pmel.noaa.gov/Ferret/documentation/users-guide/appendix-b-pplus-guide/BEGINNERS-GUIDE.html]
[ferret.pmel.noaa.gov/Ferret/documentation/users-guide/appendix-b-pplus-guide/ROUTING-PLOT-FILES.html]
[ferret.pmel.noaa.gov/Ferret/documentation/users-guide/appendix-b-pplus-guide/PPLUS-COMMAND-FILES.html]
[ferret.pmel.noaa.gov/Ferret/documentation/users-guide/ferret-fonts/list-of-ferret-fonts.html]
[ferret.pmel.noaa.gov/Ferret/documentation/users-guide/ferret-fonts/list-of-ferret-character-fonts.html]
[ferret.pmel.noaa.gov/Ferret/documentation/users-guide/appendix-b-pplus-guide/PLOT5-PPLUS-DIFFERENCES.html]
[ferret.pmel.noaa.gov/Ferret/documentation/users-guide/appendix-b-pplus-guide/COMMAND-DESCRIPTION.html]
[ferret.pmel.noaa.gov/Ferret/documentation/users-guide/appendix-c-ferret-specific-pplus-enhancements/appendix-c-ferret-specific-pplus-enhancements.html]
[ferret.pmel.noaa.gov/Ferret/documentation/users-guide/appendix-c-ferret-specific-pplus-enhancements/PLOTPLUS-HISTORY-EVOLUTION.html]
[ferret.pmel.noaa.gov/Ferret/documentation/users-guide/appendix-c-ferret-specific-pplus-enhancements/ENHANCED-COMMANDS-DESCRIPTION.html]
[ferret.pmel.noaa.gov/Ferret/documentation/users-guide/appendix-c-ferret-specific-pplus-enhancements/GKS-LINE-BUNDLES.html]
[ferret.pmel.noaa.gov/Ferret/documentation/users-guide/appendix-c-ferret-specific-pplus-enhancements/HARD-COPY.html]
[ferret.pmel.noaa.gov/Ferret/documentation/all-release-notes.html]
[ferret.pmel.noaa.gov/Ferret/documentation/ferret-tutorials.html]
[ferret.pmel.noaa.gov/Ferret/documentation/ferret-tutorial-script.html]
[ferret.pmel.noaa.gov/Ferret/documentation/dsg-files-discrete-sampling-geometries-demo.html]
[ferret.pmel.noaa.gov/Ferret/documentation/sorting-demo.html]
[ferret.pmel.noaa.gov/Ferret/documentation/ferret-sorting-demo.html]
[ferret.pmel.noaa.gov/Ferret/documentation/how-to-use-ferret-external-functions-for-computing-ffts.html]
[ferret.pmel.noaa.gov/Ferret/documentation/ferret-eof-demo.html]
[ferret.pmel.noaa.gov/Ferret/documentation/ferret-objective-analysis.html]
[ferret.pmel.noaa.gov/Ferret/documentation/ferret-palette-demo.html]
[ferret.pmel.noaa.gov/Ferret/documentation/ferret-map-projections-demo.html]
[ferret.pmel.noaa.gov/Ferret/documentation/ferret-polygon-vector-demo.html]
[ferret.pmel.noaa.gov/Ferret/documentation/ferret-graticules-demo.html]
[ferret.pmel.noaa.gov/Ferret/documentation/ferret-polytube-demo.html]
[ferret.pmel.noaa.gov/Ferret/documentation/ferret-polymark-demo.html]
[ferret.pmel.noaa.gov/Ferret/documentation/ferret-constant-array-demo.html]
[ferret.pmel.noaa.gov/Ferret/documentation/ferret-land_detail-demo.html]
[ferret.pmel.noaa.gov/Ferret/documentation/coads-tour.html]
[ferret.pmel.noaa.gov/Ferret/documentation/levitus-tour.html]
[ferret.pmel.noaa.gov/Ferret/documentation/how-to-use-ferret-and-opendap-to-access-and-analyze-remote-data-1.html]
[ferret.pmel.noaa.gov/Ferret/documentation/ferret-binary-read-demo.html]
[ferret.pmel.noaa.gov/Ferret/documentation/pyferret.html]
[ferret.pmel.noaa.gov/Ferret/documentation/pyferret/downloads.html]
[ferret.pmel.noaa.gov/Ferret/documentation/pyferret/requirements.html]
[ferret.pmel.noaa.gov/Ferret/documentation/pyferret/build-install.html]
[ferret.pmel.noaa.gov/Ferret/documentation/pyferret/known-issues.html]
[ferret.pmel.noaa.gov/Ferret/documentation/pyferret/what-is-pyferret.html]
[ferret.pmel.noaa.gov/Ferret/documentation/pyferret/why-use-pyferret.html]
[ferret.pmel.noaa.gov/Ferret/documentation/pyferret/example-sessions-ferret.html]
[ferret.pmel.noaa.gov/Ferret/documentation/pyferret/pyferret-quick-start-notes.html]
[ferret.pmel.noaa.gov/Ferret/documentation/pyferret/example-sessions-python.html]
[ferret.pmel.noaa.gov/Ferret/documentation/pyferret/graphics.html]
[ferret.pmel.noaa.gov/Ferret/documentation/pyferret/ferret-functionality.html]
[ferret.pmel.noaa.gov/Ferret/documentation/pyferret/python-functions.html]
[ferret.pmel.noaa.gov/Ferret/documentation/pyferret/pyferret-python-objects.html]
[ferret.pmel.noaa.gov/Ferret/documentation/pyferret/pyefs.html]
[ferret.pmel.noaa.gov/Ferret/documentation/pyferret/fortranefs.html]
[ferret.pmel.noaa.gov/Ferret/documentation/pyferret/data-dictionaries.html]
[ferret.pmel.noaa.gov/Ferret/documentation/opendap/opendap-usage-in-ferret.html]
[ferret.pmel.noaa.gov/Ferret/documentation/ferret-publications.html]
[ferret.pmel.noaa.gov/Ferret/documentation/acknowledging-ferret.html]
[ferret.pmel.noaa.gov/Ferret/documentation/external-functions.html]
[ferret.pmel.noaa.gov/Ferret/documentation/coards-netcdf-conventions.html]
[ferret.pmel.noaa.gov/Ferret/documentation/version-76-release-notes.html]
[ferret.pmel.noaa.gov/Ferret/documentation/users-guide/commands-reference/annotate.html]
[ferret.pmel.noaa.gov/Ferret/documentation/studenttcutoff-function.html]
[ferret.pmel.noaa.gov/Ferret/documentation/sampleimulti-and-j-k-l-m-n.html]
[ferret.pmel.noaa.gov/Ferret/documentation/samplexyz.html]
[ferret.pmel.noaa.gov/Ferret/documentation/samplexyzt.html]
[ferret.pmel.noaa.gov/Ferret/documentation/users-guide/appendix-c-ferret-specific-pplus-enhancements/index.html]
[ferret.pmel.noaa.gov/Ferret/documentation/users-guide/computing-environment/chapter-9-computing-environment.html]
[ferret.pmel.noaa.gov/Ferret/documentation/users-guide/writing-external-functions/chapter-11-writing-external-functions.html]
[ferret.pmel.noaa.gov/Ferret/documentation/users-guide/appendix-a-external-functions/COMPRESSI/index.html]
[ferret.pmel.noaa.gov/Ferret/documentation/users-guide/appendix-a-external-functions/COMPRESSI-BY/index.html]
[ferret.pmel.noaa.gov/Ferret/documentation/users-guide/appendix-a-external-functions/CONVOLVEI/index.html]
[ferret.pmel.noaa.gov/Ferret/documentation/users-guide/appendix-a-external-functions/CURV-TO-RECT/index.html]
[ferret.pmel.noaa.gov/Ferret/documentation/users-guide/appendix-a-external-functions/CURV-TO-RECT-MAP/index.html]
[ferret.pmel.noaa.gov/Ferret/documentation/users-guide/appendix-a-external-functions/DATE1900/index.html]
[ferret.pmel.noaa.gov/Ferret/documentation/dates-function.html]
[ferret.pmel.noaa.gov/Ferret/documentation/users-guide/appendix-a-external-functions/DAYS1900TOYMDHMS/index.html]
[ferret.pmel.noaa.gov/Ferret/documentation/users-guide/appendix-a-external-functions/ecat/index.html]
[ferret.pmel.noaa.gov/Ferret/documentation/users-guide/appendix-a-external-functions/ELEMENT-INDEX/index.html]
[ferret.pmel.noaa.gov/Ferret/documentation/users-guide/appendix-a-external-functions/ELEMENT-INDEX-STRING/index.html]
[ferret.pmel.noaa.gov/Ferret/documentation/users-guide/appendix-a-external-functions/EOF-SPACE/index.html]
[ferret.pmel.noaa.gov/Ferret/documentation/users-guide/appendix-a-external-functions/EOF-STAT/index.html]
[ferret.pmel.noaa.gov/Ferret/documentation/users-guide/appendix-a-external-functions/EOF-TFUNC/index.html]
[ferret.pmel.noaa.gov/Ferret/documentation/users-guide/appendix-a-external-functions/expnd_by_len/index.html]
[ferret.pmel.noaa.gov/Ferret/documentation/users-guide/appendix-a-external-functions/expndi_by/index.html]
[ferret.pmel.noaa.gov/Ferret/documentation/users-guide/appendix-a-external-functions/expndi_by_m_counts/index.html]
[ferret.pmel.noaa.gov/Ferret/documentation/users-guide/appendix-a-external-functions/expndi_by_t/index.html]
[ferret.pmel.noaa.gov/Ferret/documentation/users-guide/appendix-a-external-functions/expndi_by_z/index.html]
[ferret.pmel.noaa.gov/Ferret/documentation/users-guide/appendix-a-external-functions/expndi_by_z_counts-and-expndi_id_by_z_counts/index.html]
[ferret.pmel.noaa.gov/Ferret/documentation/users-guide/appendix-a-external-functions/expndi_id_by_z_counts/index.html]
[ferret.pmel.noaa.gov/Ferret/documentation/users-guide/appendix-a-external-functions/fcat/index.html]
[ferret.pmel.noaa.gov/Ferret/documentation/users-guide/appendix-a-external-functions/fc_isubset/index.html]
[ferret.pmel.noaa.gov/Ferret/documentation/users-guide/appendix-a-external-functions/FFT-IM/index.html]
[ferret.pmel.noaa.gov/Ferret/documentation/users-guide/appendix-a-external-functions/FFT-INVERSE/index.html]
[ferret.pmel.noaa.gov/Ferret/documentation/users-guide/appendix-a-external-functions/fill_xy/index.html]
[ferret.pmel.noaa.gov/Ferret/documentation/users-guide/appendix-a-external-functions/FFT-RE/index.html]
[ferret.pmel.noaa.gov/Ferret/documentation/users-guide/appendix-a-external-functions/FINDHI/index.html]
[ferret.pmel.noaa.gov/Ferret/documentation/users-guide/appendix-a-external-functions/FINDLO/index.html]
[ferret.pmel.noaa.gov/Ferret/documentation/users-guide/appendix-a-external-functions/IS-ELEMENT-OF/index.html]
[ferret.pmel.noaa.gov/Ferret/documentation/users-guide/appendix-a-external-functions/LANCZOS/index.html]
[ferret.pmel.noaa.gov/Ferret/documentation/users-guide/appendix-a-external-functions/LSL-LOWPASS/index.html]
[ferret.pmel.noaa.gov/Ferret/documentation/users-guide/appendix-a-external-functions/MINUTES24/index.html]
[ferret.pmel.noaa.gov/Ferret/documentation/users-guide/appendix-a-external-functions/NCO/index.html]
[ferret.pmel.noaa.gov/Ferret/documentation/users-guide/appendix-a-external-functions/NCO_ATTR/index.html]
[ferret.pmel.noaa.gov/Ferret/documentation/users-guide/appendix-a-external-functions/pt_in_poly/index.html]
[ferret.pmel.noaa.gov/Ferret/documentation/users-guide/appendix-a-external-functions/RECT-TO-CURV/index.html]
[ferret.pmel.noaa.gov/Ferret/documentation/users-guide/appendix-a-external-functions/samplexy_curv_avg/index.html]
[ferret.pmel.noaa.gov/Ferret/documentation/users-guide/appendix-a-external-functions/samplexy_curv_nrst/index.html]
[ferret.pmel.noaa.gov/Ferret/documentation/users-guide/appendix-a-external-functions/samplexyt/index.html]
[ferret.pmel.noaa.gov/Ferret/documentation/samplexyz/index.html]
[ferret.pmel.noaa.gov/Ferret/documentation/samplexyzt/index.html]
[ferret.pmel.noaa.gov/Ferret/documentation/users-guide/appendix-a-external-functions/samplexz/index.html]
[ferret.pmel.noaa.gov/Ferret/documentation/users-guide/appendix-a-external-functions/scat2grid_nobs_xy/index.html]
[ferret.pmel.noaa.gov/Ferret/documentation/users-guide/appendix-a-external-functions/scat2grid_bin_xy/index.html]
[ferret.pmel.noaa.gov/Ferret/documentation/users-guide/appendix-a-external-functions/scatgrid_nbin_xyt/index.html]
[ferret.pmel.noaa.gov/Ferret/documentation/users-guide/appendix-a-external-functions/sampleyz/index.html]
[ferret.pmel.noaa.gov/Ferret/documentation/users-guide/appendix-a-external-functions/separate/index.html]
[ferret.pmel.noaa.gov/Ferret/documentation/users-guide/appendix-a-external-functions/tax_datestring/index.html]
[ferret.pmel.noaa.gov/Ferret/documentation/users-guide/appendix-a-external-functions/test_opendap/index.html]
[ferret.pmel.noaa.gov/Ferret/documentation/users-guide/appendix-a-external-functions/TCAT/index.html]
[ferret.pmel.noaa.gov/Ferret/documentation/users-guide/appendix-a-external-functions/TRANSPOSE/index.html]
[ferret.pmel.noaa.gov/Ferret/documentation/users-guide/appendix-a-external-functions/XCAT/index.html]
[ferret.pmel.noaa.gov/Ferret/documentation/users-guide/appendix-a-external-functions/YCAT/index.html]
[ferret.pmel.noaa.gov/Ferret/documentation/users-guide/appendix-a-external-functions/WRITEV5D/index.html]
[ferret.pmel.noaa.gov/Ferret/documentation/users-guide/appendix-a-external-functions/ZAXREPLACE-AVG/index.html]
[ferret.pmel.noaa.gov/Ferret/documentation/users-guide/appendix-a-external-functions/ZAXREPLACE-BIN/index.html]
[ferret.pmel.noaa.gov/Ferret/documentation/users-guide/appendix-a-external-functions/ZCAT/index.html]
[ferret.pmel.noaa.gov/Ferret/documentation/release-notes/version-6-93-release-notes.html]
[ferret.pmel.noaa.gov/Ferret/documentation/version-75-release-notes.html]
[ferret.pmel.noaa.gov/Ferret/documentation/release-notes/version-743-release-notes.html]
[ferret.pmel.noaa.gov/Ferret/documentation/release-notes/version-742-release-notes.html]
[ferret.pmel.noaa.gov/Ferret/documentation/release-notes/version-7-4-release-notes.html]
[ferret.pmel.noaa.gov/Ferret/documentation/release-notes/version-7-3-release-notes.html]
[ferret.pmel.noaa.gov/Ferret/documentation/release_notes/version-7-2-release-notes.html]
[ferret.pmel.noaa.gov/Ferret/documentation/release-notes/version-7-1-release-notes.html]
[ferret.pmel.noaa.gov/Ferret/documentation/release-notes/version-7-0-release-notes.html]
[ferret.pmel.noaa.gov/Ferret/documentation/release-notes/version-6-96-release-notes.html]
[ferret.pmel.noaa.gov/Ferret/documentation/release-notes/version-6-95-release-notes.html]
[ferret.pmel.noaa.gov/Ferret/documentation/release-notes/version-6-9-release-notes.html]
[ferret.pmel.noaa.gov/Ferret/documentation/release-notes/version-6-85-release-notes.html]
[ferret.pmel.noaa.gov/Ferret/documentation/release-notes/version-6-842-release-notes.html]
[ferret.pmel.noaa.gov/Ferret/documentation/release-notes/version-6-8-4-release-notes.html]
[ferret.pmel.noaa.gov/Ferret/documentation/release-notes/version-6-8-2-release-notes.html]
[ferret.pmel.noaa.gov/Ferret/documentation/release-notes/version-6-8-release-notes.html]
[ferret.pmel.noaa.gov/Ferret/documentation/release-notes/version-6-72-release-notes.html]
[ferret.pmel.noaa.gov/Ferret/documentation/release-notes/version-6-7-1-release-notes.html]
[ferret.pmel.noaa.gov/Ferret/documentation/release-notes/version-6-7-release-notes.html]
[ferret.pmel.noaa.gov/Ferret/documentation/release-notes/version-6-6-7-release-notes.html]
[ferret.pmel.noaa.gov/Ferret/documentation/release-notes/version-6-6-5-release-notes.html]
[ferret.pmel.noaa.gov/Ferret/documentation/release-notes/version-6-6-4-release-notes.html]
[ferret.pmel.noaa.gov/Ferret/documentation/release-notes/v-6-6-2-release-notes.html]
[ferret.pmel.noaa.gov/Ferret/documentation/release-notes/v6-6-release-notes.html]
[ferret.pmel.noaa.gov/Ferret/documentation/release-notes/v6-5-release-notes.html]
[ferret.pmel.noaa.gov/Ferret/documentation/release-notes/v6-4-release-notes.html]
[ferret.pmel.noaa.gov/Ferret/documentation/release-notes/v6-3-release-notes.html]
[ferret.pmel.noaa.gov/Ferret/documentation/release-notes/v6-2-release-notes.html]
[ferret.pmel.noaa.gov/Ferret/documentation/release-notes/v6-1-release-notes.html]
[ferret.pmel.noaa.gov/Ferret/documentation/release-notes/v6-08-release-notes.html]
[ferret.pmel.noaa.gov/Ferret/documentation/release-notes/version-5-6-release-notes.html]
[ferret.pmel.noaa.gov/Ferret/documentation/release-notes/version-4-9-release-notes.html]
[ferret.pmel.noaa.gov/Ferret/documentation/grid-indices-in-ferret.html]
[ferret.pmel.noaa.gov/Ferret/documentation/pyferret/what-is-pyferret/index.html]
[ferret.pmel.noaa.gov/Ferret/documentation/pyferret/why-use-pyferret/index.html]
[ferret.pmel.noaa.gov/Ferret/documentation/pyferret/example-sessions-ferret/index.html]
[ferret.pmel.noaa.gov/Ferret/documentation/pyferret/pyferret-quick-start-notes/index.html]
[ferret.pmel.noaa.gov/Ferret/documentation/pyferret/example-sessions-python/index.html]
[ferret.pmel.noaa.gov/Ferret/documentation/pyferret/graphics/index.html]
[ferret.pmel.noaa.gov/Ferret/documentation/pyferret/ferret-functionality/index.html]
[ferret.pmel.noaa.gov/Ferret/documentation/pyferret/python-functions/index.html]
[ferret.pmel.noaa.gov/Ferret/documentation/pyferret/pyferret-python-objects/index.html]
[ferret.pmel.noaa.gov/Ferret/documentation/pyferret/pyefs/index.html]
[ferret.pmel.noaa.gov/Ferret/documentation/pyferret/fortranefs/index.html]
[ferret.pmel.noaa.gov/Ferret/documentation/pyferret/data-dictionaries/index.html]
[ferret.pmel.noaa.gov/Ferret/documentation/pyferret/requirements/index.html]
[ferret.pmel.noaa.gov/Ferret/documentation/pyferret/build-install/index.html]
[ferret.pmel.noaa.gov/Ferret/documentation/pyferret/known-issues/index.html]
[ferret.pmel.noaa.gov/Ferret/documentation/pyferret/downloads/index.html]
[ferret.pmel.noaa.gov/Ferret/documentation/external-functions-contents-of-the-examples-tar-file.html]
[ferret.pmel.noaa.gov/Ferret/documentation/release-notes/version-6-6-1-release-notes.html]
